180.183.10.121 - - [09/Feb/2016:08:05:57 +0700] "GET /wp-includes/js/jquery/jquery.js?ver=1.11.3 HTTP/1.1" 200 95977 "https://www.abctech-thailand.com/" "Mozilla/5.0 (Windows NT 6.1; WOW64) AppleWebKit/537.36 (KHTML, like Gecko) Chrome/48.0.2564.103 Safari/537.36"
180.183.10.121 - - [09/Feb/2016:08:05:57 +0700] "GET /wp-includes/js/jquery/jquery-migrate.min.js?ver=1.2.1 HTTP/1.1" 200 7199 "https://www.abctech-thailand.com/" "Mozilla/5.0 (Windows NT 6.1; WOW64) AppleWebKit/537.36 (KHTML, like Gecko) Chrome/48.0.2564.103 Safari/537.36"
180.183.10.121 - - [09/Feb/2016:08:05:57 +0700] "GET /wp-content/plugins/masterslider/public/assets/css/masterslider.main.css?ver=2.20.4 HTTP/1.1" 200 13789 "https://www.abctech-thailand.com/" "Mozilla/5.0 (Windows NT 6.1; WOW64) AppleWebKit/537.36 (KHTML, like Gecko) Chrome/48.0.2564.103 Safari/537.36"
180.183.10.121 - - [09/Feb/2016:08:05:57 +0700] "GET /wp-content/plugins/be-page-builder/css/shortcodes.css?ver=4.4.1 HTTP/1.1" 200 25049 "https://www.abctech-thailand.com/" "Mozilla/5.0 (Windows NT 6.1; WOW64) AppleWebKit/537.36 (KHTML, like Gecko) Chrome/48.0.2564.103 Safari/537.36"
180.183.10.121 - - [09/Feb/2016:08:05:57 +0700] "GET /wp-content/plugins/wp-retina-2x/js/picturefill.min.js?ver=3.0.1 HTTP/1.1" 200 11397 "https://www.abctech-thailand.com/" "Mozilla/5.0 (Windows NT 6.1; WOW64) AppleWebKit/537.36 (KHTML, like Gecko) Chrome/48.0.2564.103 Safari/537.36"
180.183.10.121 - - [09/Feb/2016:08:05:57 +0700] "GET /wp-content/plugins/revslider/public/assets/js/jquery.themepunch.revolution.min.js?ver=5.0.9 HTTP/1.1" 200 45771 "https://www.abctech-thailand.com/" "Mozilla/5.0 (Windows NT 6.1; WOW64) AppleWebKit/537.36 (KHTML, like Gecko) Chrome/48.0.2564.103 Safari/537.36"
180.183.10.121 - - [09/Feb/2016:08:05:57 +0700] "GET /wp-content/plugins/essential-grid/public/assets/js/jquery.themepunch.tools.min.js?ver=2.0.9.1 HTTP/1.1" 200 101734 "https://www.abctech-thailand.com/" "Mozilla/5.0 (Windows NT 6.1; WOW64) AppleWebKit/537.36 (KHTML, like Gecko) Chrome/48.0.2564.103 Safari/537.36"
180.183.10.121 - - [09/Feb/2016:08:05:57 +0700] "GET /wp-content/plugins/essential-grid/public/assets/js/jquery.themepunch.essential.min.js?ver=2.0.9.1 HTTP/1.1" 200 121591 "https://www.abctech-thailand.com/" "Mozilla/5.0 (Windows NT 6.1; WOW64) AppleWebKit/537.36 (KHTML, like Gecko) Chrome/48.0.2564.103 Safari/537.36"
180.183.10.121 - - [09/Feb/2016:08:05:57 +0700] "GET /wp-content/themes/oshin/img/logo.png HTTP/1.1" 200 30737 "https://www.abctech-thailand.com/" "Mozilla/5.0 (Windows NT 6.1; WOW64) AppleWebKit/537.36 (KHTML, like Gecko) Chrome/48.0.2564.103 Safari/537.36"
180.183.10.121 - - [09/Feb/2016:08:05:57 +0700] "GET /wp-includes/js/comment-reply.min.js?ver=4.4.1 HTTP/1.1" 200 1078 "https://www.abctech-thailand.com/" "Mozilla/5.0 (Windows NT 6.1; WOW64) AppleWebKit/537.36 (KHTML, like Gecko) Chrome/48.0.2564.103 Safari/537.36"
180.183.10.121 - - [09/Feb/2016:08:05:57 +0700] "GET /wp-content/themes/oshin/js/vendor/modernizr-2.6.2.min.js?ver=4.4.1 HTTP/1.1" 200 15414 "https://www.abctech-thailand.com/" "Mozilla/5.0 (Windows NT 6.1; WOW64) AppleWebKit/537.36 (KHTML, like Gecko) Chrome/48.0.2564.103 Safari/537.36"
180.183.10.121 - - [09/Feb/2016:08:05:57 +0700] "GET /wp-content/plugins/essential-grid/public/assets/js/lightbox.js?ver=2.0.9.1 HTTP/1.1" 200 29678 "https://www.abctech-thailand.com/" "Mozilla/5.0 (Windows NT 6.1; WOW64) AppleWebKit/537.36 (KHTML, like Gecko) Chrome/48.0.2564.103 Safari/537.36"
180.183.10.121 - - [09/Feb/2016:08:05:57 +0700] "GET /wp-content/themes/oshin/js/be-slider.js?ver=4.4.1 HTTP/1.1" 200 9196 "https://www.abctech-thailand.com/" "Mozilla/5.0 (Windows NT 6.1; WOW64) AppleWebKit/537.36 (KHTML, like Gecko) Chrome/48.0.2564.103 Safari/537.36"
180.183.10.121 - - [09/Feb/2016:08:05:57 +0700] "GET /wp-content/plugins/contact-form-7/includes/js/jquery.form.min.js?ver=3.51.0-2014.06.20 HTTP/1.1" 200 15248 "https://www.abctech-thailand.com/" "Mozilla/5.0 (Windows NT 6.1; WOW64) AppleWebKit/537.36 (KHTML, like Gecko) Chrome/48.0.2564.103 Safari/537.36"
180.183.10.121 - - [09/Feb/2016:08:05:57 +0700] "GET /wp-content/plugins/be-page-builder/js/main-plugins.js?ver=4.4.1 HTTP/1.1" 200 79582 "https://www.abctech-thailand.com/" "Mozilla/5.0 (Windows NT 6.1; WOW64) AppleWebKit/537.36 (KHTML, like Gecko) Chrome/48.0.2564.103 Safari/537.36"
180.183.10.121 - - [09/Feb/2016:08:05:57 +0700] "GET /wp-content/plugins/contact-form-7/includes/js/scripts.js?ver=4.3.1 HTTP/1.1" 200 11819 "https://www.abctech-thailand.com/" "Mozilla/5.0 (Windows NT 6.1; WOW64) AppleWebKit/537.36 (KHTML, like Gecko) Chrome/48.0.2564.103 Safari/537.36"
180.183.10.121 - - [09/Feb/2016:08:05:57 +0700] "GET /wp-content/themes/oshin/js/theme_opt_plugins/plugin-scrollToSections.js?ver=4.4.1 HTTP/1.1" 200 5968 "https://www.abctech-thailand.com/" "Mozilla/5.0 (Windows NT 6.1; WOW64) AppleWebKit/537.36 (KHTML, like Gecko) Chrome/48.0.2564.103 Safari/537.36"
180.183.10.121 - - [09/Feb/2016:08:05:57 +0700] "GET /wp-content/themes/oshin/js/theme_opt_plugins/plugin-canvas.js?ver=4.4.1 HTTP/1.1" 200 45063 "https://www.abctech-thailand.com/" "Mozilla/5.0 (Windows NT 6.1; WOW64) AppleWebKit/537.36 (KHTML, like Gecko) Chrome/48.0.2564.103 Safari/537.36"
180.183.10.121 - - [09/Feb/2016:08:05:57 +0700] "GET /wp-content/themes/oshin/js/theme_opt_plugins/plugin-NProgress.js?ver=4.4.1 HTTP/1.1" 200 11598 "https://www.abctech-thailand.com/" "Mozilla/5.0 (Windows NT 6.1; WOW64) AppleWebKit/537.36 (KHTML, like Gecko) Chrome/48.0.2564.103 Safari/537.36"
180.183.10.121 - - [09/Feb/2016:08:05:57 +0700] "GET /wp-content/plugins/be-page-builder/js/opt_plugins/plugin-magnificpopup.js?ver=4.4.1 HTTP/1.1" 200 21144 "https://www.abctech-thailand.com/" "Mozilla/5.0 (Windows NT 6.1; WOW64) AppleWebKit/537.36 (KHTML, like Gecko) Chrome/48.0.2564.103 Safari/537.36"
180.183.10.121 - - [09/Feb/2016:08:05:57 +0700] "GET /wp-content/plugins/be-page-builder/js/opt_plugins/plugin-backgroundcheck.js?ver=4.4.1 HTTP/1.1" 200 7896 "https://www.abctech-thailand.com/" "Mozilla/5.0 (Windows NT 6.1; WOW64) AppleWebKit/537.36 (KHTML, like Gecko) Chrome/48.0.2564.103 Safari/537.36"
180.183.10.121 - - [09/Feb/2016:08:05:57 +0700] "GET /wp-includes/js/jquery/ui/core.min.js?ver=1.11.4 HTTP/1.1" 200 3997 "https://www.abctech-thailand.com/" "Mozilla/5.0 (Windows NT 6.1; WOW64) AppleWebKit/537.36 (KHTML, like Gecko) Chrome/48.0.2564.103 Safari/537.36"
180.183.10.121 - - [09/Feb/2016:08:05:57 +0700] "GET /wp-content/themes/oshin/js/theme-plugins.js?ver=4.4.1 HTTP/1.1" 200 182232 "https://www.abctech-thailand.com/" "Mozilla/5.0 (Windows NT 6.1; WOW64) AppleWebKit/537.36 (KHTML, like Gecko) Chrome/48.0.2564.103 Safari/537.36"
180.183.10.121 - - [09/Feb/2016:08:05:57 +0700] "GET /wp-includes/js/jquery/ui/resizable.min.js?ver=1.11.4 HTTP/1.1" 200 18428 "https://www.abctech-thailand.com/" "Mozilla/5.0 (Windows NT 6.1; WOW64) AppleWebKit/537.36 (KHTML, like Gecko) Chrome/48.0.2564.103 Safari/537.36"
180.183.10.121 - - [09/Feb/2016:08:05:57 +0700] "GET /wp-includes/js/jquery/ui/widget.min.js?ver=1.11.4 HTTP/1.1" 200 6913 "https://www.abctech-thailand.com/" "Mozilla/5.0 (Windows NT 6.1; WOW64) AppleWebKit/537.36 (KHTML, like Gecko) Chrome/48.0.2564.103 Safari/537.36"
180.183.10.121 - - [09/Feb/2016:08:05:57 +0700] "GET /wp-includes/js/jquery/ui/position.min.js?ver=1.11.4 HTTP/1.1" 200 6527 "https://www.abctech-thailand.com/" "Mozilla/5.0 (Windows NT 6.1; WOW64) AppleWebKit/537.36 (KHTML, like Gecko) Chrome/48.0.2564.103 Safari/537.36"
180.183.10.121 - - [09/Feb/2016:08:05:57 +0700] "GET /wp-includes/js/jquery/ui/mouse.min.js?ver=1.11.4 HTTP/1.1" 200 3151 "https://www.abctech-thailand.com/" "Mozilla/5.0 (Windows NT 6.1; WOW64) AppleWebKit/537.36 (KHTML, like Gecko) Chrome/48.0.2564.103 Safari/537.36"
180.183.10.121 - - [09/Feb/2016:08:05:57 +0700] "GET /wp-includes/js/jquery/ui/draggable.min.js?ver=1.11.4 HTTP/1.1" 200 18906 "https://www.abctech-thailand.com/" "Mozilla/5.0 (Windows NT 6.1; WOW64) AppleWebKit/537.36 (KHTML, like Gecko) Chrome/48.0.2564.103 Safari/537.36"
180.183.10.121 - - [09/Feb/2016:08:05:57 +0700] "GET /wp-includes/js/jquery/ui/selectable.min.js?ver=1.11.4 HTTP/1.1" 200 4264 "https://www.abctech-thailand.com/" "Mozilla/5.0 (Windows NT 6.1; WOW64) AppleWebKit/537.36 (KHTML, like Gecko) Chrome/48.0.2564.103 Safari/537.36"
180.183.10.121 - - [09/Feb/2016:08:05:57 +0700] "GET /wp-includes/js/jquery/ui/accordion.min.js?ver=1.11.4 HTTP/1.1" 200 8585 "https://www.abctech-thailand.com/" "Mozilla/5.0 (Windows NT 6.1; WOW64) AppleWebKit/537.36 (KHTML, like Gecko) Chrome/48.0.2564.103 Safari/537.36"
180.183.10.121 - - [09/Feb/2016:08:05:57 +0700] "GET /wp-includes/js/jquery/ui/sortable.min.js?ver=1.11.4 HTTP/1.1" 200 24912 "https://www.abctech-thailand.com/" "Mozilla/5.0 (Windows NT 6.1; WOW64) AppleWebKit/537.36 (KHTML, like Gecko) Chrome/48.0.2564.103 Safari/537.36"
180.183.10.121 - - [09/Feb/2016:08:05:57 +0700] "GET /wp-includes/js/jquery/ui/tabs.min.js?ver=1.11.4 HTTP/1.1" 200 12122 "https://www.abctech-thailand.com/" "Mozilla/5.0 (Windows NT 6.1; WOW64) AppleWebKit/537.36 (KHTML, like Gecko) Chrome/48.0.2564.103 Safari/537.36"
180.183.10.121 - - [09/Feb/2016:08:05:57 +0700] "GET /wp-includes/js/jquery/ui/effect.min.js?ver=1.11.4 HTTP/1.1" 200 13432 "https://www.abctech-thailand.com/" "Mozilla/5.0 (Windows NT 6.1; WOW64) AppleWebKit/537.36 (KHTML, like Gecko) Chrome/48.0.2564.103 Safari/537.36"
180.183.10.121 - - [09/Feb/2016:08:05:57 +0700] "GET /wp-includes/js/jquery/ui/effect-blind.min.js?ver=1.11.4 HTTP/1.1" 200 1139 "https://www.abctech-thailand.com/" "Mozilla/5.0 (Windows NT 6.1; WOW64) AppleWebKit/537.36 (KHTML, like Gecko) Chrome/48.0.2564.103 Safari/537.36"
180.183.10.121 - - [09/Feb/2016:08:05:57 +0700] "GET /wp-includes/js/jquery/ui/effect-bounce.min.js?ver=1.11.4 HTTP/1.1" 200 1247 "https://www.abctech-thailand.com/" "Mozilla/5.0 (Windows NT 6.1; WOW64) AppleWebKit/537.36 (KHTML, like Gecko) Chrome/48.0.2564.103 Safari/537.36"
180.183.10.121 - - [09/Feb/2016:08:05:57 +0700] "GET /wp-includes/js/jquery/ui/effect-clip.min.js?ver=1.11.4 HTTP/1.1" 200 918 "https://www.abctech-thailand.com/" "Mozilla/5.0 (Windows NT 6.1; WOW64) AppleWebKit/537.36 (KHTML, like Gecko) Chrome/48.0.2564.103 Safari/537.36"
180.183.10.121 - - [09/Feb/2016:08:05:57 +0700] "GET /wp-includes/js/jquery/ui/effect-drop.min.js?ver=1.11.4 HTTP/1.1" 200 997 "https://www.abctech-thailand.com/" "Mozilla/5.0 (Windows NT 6.1; WOW64) AppleWebKit/537.36 (KHTML, like Gecko) Chrome/48.0.2564.103 Safari/537.36"
180.183.10.121 - - [09/Feb/2016:08:05:57 +0700] "GET /wp-includes/js/jquery/ui/effect-fade.min.js?ver=1.11.4 HTTP/1.1" 200 515 "https://www.abctech-thailand.com/" "Mozilla/5.0 (Windows NT 6.1; WOW64) AppleWebKit/537.36 (KHTML, like Gecko) Chrome/48.0.2564.103 Safari/537.36"
180.183.10.121 - - [09/Feb/2016:08:05:57 +0700] "GET /wp-includes/js/jquery/ui/effect-explode.min.js?ver=1.11.4 HTTP/1.1" 200 1176 "https://www.abctech-thailand.com/" "Mozilla/5.0 (Windows NT 6.1; WOW64) AppleWebKit/537.36 (KHTML, like Gecko) Chrome/48.0.2564.103 Safari/537.36"
180.183.10.121 - - [09/Feb/2016:08:05:58 +0700] "GET /wp-includes/js/jquery/ui/effect-fold.min.js?ver=1.11.4 HTTP/1.1" 200 1030 "https://www.abctech-thailand.com/" "Mozilla/5.0 (Windows NT 6.1; WOW64) AppleWebKit/537.36 (KHTML, like Gecko) Chrome/48.0.2564.103 Safari/537.36"
180.183.10.121 - - [09/Feb/2016:08:05:58 +0700] "GET /wp-includes/js/jquery/ui/effect-pulsate.min.js?ver=1.11.4 HTTP/1.1" 200 800 "https://www.abctech-thailand.com/" "Mozilla/5.0 (Windows NT 6.1; WOW64) AppleWebKit/537.36 (KHTML, like Gecko) Chrome/48.0.2564.103 Safari/537.36"
180.183.10.121 - - [09/Feb/2016:08:05:58 +0700] "GET /wp-includes/js/jquery/ui/effect-size.min.js?ver=1.11.4 HTTP/1.1" 200 3357 "https://www.abctech-thailand.com/" "Mozilla/5.0 (Windows NT 6.1; WOW64) AppleWebKit/537.36 (KHTML, like Gecko) Chrome/48.0.2564.103 Safari/537.36"
180.183.10.121 - - [09/Feb/2016:08:05:58 +0700] "GET /wp-includes/js/jquery/ui/effect-scale.min.js?ver=1.11.4 HTTP/1.1" 200 1122 "https://www.abctech-thailand.com/" "Mozilla/5.0 (Windows NT 6.1; WOW64) AppleWebKit/537.36 (KHTML, like Gecko) Chrome/48.0.2564.103 Safari/537.36"
180.183.10.121 - - [09/Feb/2016:08:05:58 +0700] "GET /wp-includes/js/jquery/ui/effect-shake.min.js?ver=1.11.4 HTTP/1.1" 200 1101 "https://www.abctech-thailand.com/" "Mozilla/5.0 (Windows NT 6.1; WOW64) AppleWebKit/537.36 (KHTML, like Gecko) Chrome/48.0.2564.103 Safari/537.36"
180.183.10.121 - - [09/Feb/2016:08:05:58 +0700] "GET /wp-includes/js/jquery/ui/effect-slide.min.js?ver=1.11.4 HTTP/1.1" 200 962 "https://www.abctech-thailand.com/" "Mozilla/5.0 (Windows NT 6.1; WOW64) AppleWebKit/537.36 (KHTML, like Gecko) Chrome/48.0.2564.103 Safari/537.36"
180.183.10.121 - - [09/Feb/2016:08:05:58 +0700] "GET /wp-includes/js/jquery/ui/effect-transfer.min.js?ver=1.11.4 HTTP/1.1" 200 857 "https://www.abctech-thailand.com/" "Mozilla/5.0 (Windows NT 6.1; WOW64) AppleWebKit/537.36 (KHTML, like Gecko) Chrome/48.0.2564.103 Safari/537.36"
180.183.10.121 - - [09/Feb/2016:08:05:58 +0700] "GET /wp-content/themes/oshin/js/script.js?ver=4.4.1 HTTP/1.1" 200 51169 "https://www.abctech-thailand.com/" "Mozilla/5.0 (Windows NT 6.1; WOW64) AppleWebKit/537.36 (KHTML, like Gecko) Chrome/48.0.2564.103 Safari/537.36"
180.183.10.121 - - [09/Feb/2016:08:05:58 +0700] "GET /wp-content/plugins/masterslider/public/assets/js/masterslider.min.js?ver=4.4.1 HTTP/1.1" 200 155785 "https://www.abctech-thailand.com/" "Mozilla/5.0 (Windows NT 6.1; WOW64) AppleWebKit/537.36 (KHTML, like Gecko) Chrome/48.0.2564.103 Safari/537.36"
180.183.10.121 - - [09/Feb/2016:08:05:58 +0700] "GET /wp-content/plugins/be-page-builder/js/opt_plugins/plugin-easyPieChart.js?ver=4.4.1 HTTP/1.1" 200 3919 "https://www.abctech-thailand.com/" "Mozilla/5.0 (Windows NT 6.1; WOW64) AppleWebKit/537.36 (KHTML, like Gecko) Chrome/48.0.2564.103 Safari/537.36"
180.183.10.121 - - [09/Feb/2016:08:05:58 +0700] "GET /wp-content/plugins/be-page-builder/js/opt_plugins/plugin-textRotator.js?ver=4.4.1 HTTP/1.1" 200 5987 "https://www.abctech-thailand.com/" "Mozilla/5.0 (Windows NT 6.1; WOW64) AppleWebKit/537.36 (KHTML, like Gecko) Chrome/48.0.2564.103 Safari/537.36"
180.183.10.121 - - [09/Feb/2016:08:05:58 +0700] "GET /wp-content/plugins/be-page-builder/js/opt_plugins/plugin-hoverdir.js?ver=4.4.1 HTTP/1.1" 200 5320 "https://www.abctech-thailand.com/" "Mozilla/5.0 (Windows NT 6.1; WOW64) AppleWebKit/537.36 (KHTML, like Gecko) Chrome/48.0.2564.103 Safari/537.36"
180.183.10.121 - - [09/Feb/2016:08:05:58 +0700] "GET /wp-content/plugins/be-page-builder/js/opt_plugins/jquery.countdown.min.js?ver=4.4.1 HTTP/1.1" 200 13976 "https://www.abctech-thailand.com/" "Mozilla/5.0 (Windows NT 6.1; WOW64) AppleWebKit/537.36 (KHTML, like Gecko) Chrome/48.0.2564.103 Safari/537.36"
180.183.10.121 - - [09/Feb/2016:08:05:58 +0700] "GET /wp-content/plugins/be-page-builder/js/opt_plugins/plugin-typed.js?ver=4.4.1 HTTP/1.1" 200 11584 "https://www.abctech-thailand.com/" "Mozilla/5.0 (Windows NT 6.1; WOW64) AppleWebKit/537.36 (KHTML, like Gecko) Chrome/48.0.2564.103 Safari/537.36"
180.183.10.121 - - [09/Feb/2016:08:05:58 +0700] "GET /wp-content/plugins/be-page-builder/js/be-modules-plugin.js?ver=4.4.1 HTTP/1.1" 200 122986 "https://www.abctech-thailand.com/" "Mozilla/5.0 (Windows NT 6.1; WOW64) AppleWebKit/537.36 (KHTML, like Gecko) Chrome/48.0.2564.103 Safari/537.36"
180.183.10.121 - - [09/Feb/2016:08:05:58 +0700] "GET /wp-content/plugins/be-page-builder/js/opt_plugins/plugin-countTo.js?ver=4.4.1 HTTP/1.1" 200 2515 "https://www.abctech-thailand.com/" "Mozilla/5.0 (Windows NT 6.1; WOW64) AppleWebKit/537.36 (KHTML, like Gecko) Chrome/48.0.2564.103 Safari/537.36"
180.183.10.121 - - [09/Feb/2016:08:05:58 +0700] "GET /wp-content/plugins/be-page-builder/js/be-modules-script.js?ver=4.4.1 HTTP/1.1" 200 72639 "https://www.abctech-thailand.com/" "Mozilla/5.0 (Windows NT 6.1; WOW64) AppleWebKit/537.36 (KHTML, like Gecko) Chrome/48.0.2564.103 Safari/537.36"
180.183.10.121 - - [09/Feb/2016:08:05:58 +0700] "GET /wp-includes/js/wp-embed.min.js?ver=4.4.1 HTTP/1.1" 200 1518 "https://www.abctech-thailand.com/" "Mozilla/5.0 (Windows NT 6.1; WOW64) AppleWebKit/537.36 (KHTML, like Gecko) Chrome/48.0.2564.103 Safari/537.36"
180.183.10.121 - - [09/Feb/2016:08:05:58 +0700] "GET /wp-content/plugins/be-page-builder/js/be-portfolio-layout.js?ver=4.4.1 HTTP/1.1" 200 25935 "https://www.abctech-thailand.com/" "Mozilla/5.0 (Windows NT 6.1; WOW64) AppleWebKit/537.36 (KHTML, like Gecko) Chrome/48.0.2564.103 Safari/537.36"
180.183.10.121 - - [09/Feb/2016:08:05:58 +0700] "GET /wp-content/uploads/2016/01/main_cover2.jpg HTTP/1.1" 200 603432 "https://www.abctech-thailand.com/" "Mozilla/5.0 (Windows NT 6.1; WOW64) AppleWebKit/537.36 (KHTML, like Gecko) Chrome/48.0.2564.103 Safari/537.36"
180.183.10.121 - - [09/Feb/2016:08:05:58 +0700] "GET /wp-content/themes/oshin/fonts/icomoon/fonts/icomoon.woff?85pf5i HTTP/1.1" 200 254152 "https://www.abctech-thailand.com/wp-content/themes/oshin/fonts/icomoon/style.css?ver=4.4.1" "Mozilla/5.0 (Windows NT 6.1; WOW64) AppleWebKit/537.36 (KHTML, like Gecko) Chrome/48.0.2564.103 Safari/537.36"
180.183.10.121 - - [09/Feb/2016:08:05:58 +0700] "GET /favicon.ico HTTP/1.1" 200 0 "https://www.abctech-thailand.com/" "Mozilla/5.0 (Windows NT 6.1; WOW64) AppleWebKit/537.36 (KHTML, like Gecko) Chrome/48.0.2564.103 Safari/537.36"
68.180.230.35 - - [09/Feb/2016:08:06:14 +0700] "GET /wp-json/oembed/1.0/embed?url=https%3A%2F%2Fwww.abctech-thailand.com%2Fcontact%2F HTTP/1.1" 200 1127 "-" "Mozilla/5.0 (compatible; Yahoo! Slurp; http://help.yahoo.com/help/us/ysearch/slurp)"
68.180.230.35 - - [09/Feb/2016:08:06:52 +0700] "GET /?p=3347 HTTP/1.1" 301 0 "-" "Mozilla/5.0 (compatible; Yahoo! Slurp; http://help.yahoo.com/help/us/ysearch/slurp)"
68.180.230.35 - - [09/Feb/2016:08:11:00 +0700] "GET /contact HTTP/1.1" 301 0 "-" "Mozilla/5.0 (compatible; Yahoo! Slurp; http://help.yahoo.com/help/us/ysearch/slurp)"
64.233.173.129 - - [09/Feb/2016:08:16:30 +0700] "GET /abclogo.png HTTP/1.1" 200 9364 "-" "Mozilla/5.0 (Windows NT 5.1; rv:11.0) Gecko Firefox/11.0 (via ggpht.com GoogleImageProxy)"
88.80.196.2 - - [09/Feb/2016:08:18:12 +0700] "POST //xmlrpc.php HTTP/1.1" 200 484 "http://abctech-thailand.com//xmlrpc.php" "Mozilla/5.0 (compatible; Konqueror/3.0-rc5; i686 Linux; 20021226)"
88.80.196.2 - - [09/Feb/2016:08:18:48 +0700] "POST //xmlrpc.php HTTP/1.1" 200 290 "http://abctech-thailand.com//xmlrpc.php" "Mozilla/4.0 (compatible; MSIE 6.0; Windows NT 5.2; MyIE2; .NET CLR 1.1.4322; InfoPath.1)"
1.47.231.195 - - [09/Feb/2016:08:19:40 +0700] "GET / HTTP/1.1" 200 14619 "https://www.google.co.th/" "Mozilla/5.0 (iPhone; CPU iPhone OS 9_2_1 like Mac OS X) AppleWebKit/601.1 (KHTML, like Gecko) CriOS/48.0.2564.87 Mobile/13D15 Safari/601.1.46"
1.47.231.195 - - [09/Feb/2016:08:19:43 +0700] "GET /favicon.ico HTTP/1.1" 200 0 "-" "Mozilla/5.0 (iPhone; CPU iPhone OS 9_2_1 like Mac OS X) AppleWebKit/601.1 (KHTML, like Gecko) CriOS/48.0.2564.87 Mobile/13D15 Safari/601.1.46"
50.112.217.206 - - [09/Feb/2016:08:21:02 +0700] "GET / HTTP/1.1" 302 217 "-" "Mechanize/2.7.2 Ruby/2.0.0p481 (http://github.com/sparklemotion/mechanize/)"
50.112.217.206 - - [09/Feb/2016:08:21:05 +0700] "GET / HTTP/1.1" 200 14619 "-" "Mechanize/2.7.2 Ruby/2.0.0p481 (http://github.com/sparklemotion/mechanize/)"
66.249.79.214 - - [09/Feb/2016:08:22:45 +0700] "GET /wp-admin/admin-ajax.php HTTP/1.1" 200 1 "-" "Mozilla/5.0 (compatible; Googlebot/2.1; +http://www.google.com/bot.html)"
68.180.230.35 - - [09/Feb/2016:08:31:33 +0700] "GET /category/jobs/ HTTP/1.1" 200 15260 "-" "Mozilla/5.0 (compatible; Yahoo! Slurp; http://help.yahoo.com/help/us/ysearch/slurp)"
46.229.164.101 - - [09/Feb/2016:08:33:38 +0700] "GET /robots.txt HTTP/1.1" 200 67 "-" "Mozilla/5.0 (compatible; SemrushBot/1~bl; +http://www.semrush.com/bot.html)"
68.180.230.35 - - [09/Feb/2016:08:33:45 +0700] "GET /category/jobs/feed/ HTTP/1.1" 200 770 "-" "Mozilla/5.0 (compatible; Yahoo! Slurp; http://help.yahoo.com/help/us/ysearch/slurp)"
208.66.71.38 - - [09/Feb/2016:08:39:26 +0700] "POST /wp-login.php HTTP/1.1" 302 0 "http://www.abctech-thailand.com/wp-login.php" "Mozilla/5.0 (Windows NT 6.1; WOW64) AppleWebKit/537.36 (KHTML, like Gecko) Chrome/31.0.1650.57 Safari/537.36"
208.66.71.38 - - [09/Feb/2016:08:39:27 +0700] "POST /wp-login.php HTTP/1.1" 302 0 "http://www.abctech-thailand.com/wp-login.php" "Mozilla/5.0 (Windows NT 6.1; WOW64) AppleWebKit/537.36 (KHTML, like Gecko) Chrome/31.0.1650.57 Safari/537.36"
1.46.3.193 - - [09/Feb/2016:08:43:07 +0700] "GET /abclogo.png HTTP/1.1" 200 9364 "-" "Mozilla/5.0 (iPhone; CPU iPhone OS 8_3 like Mac OS X) AppleWebKit/600.1.4 (KHTML, like Gecko) Mobile/12F70"
66.249.71.241 - - [09/Feb/2016:08:45:12 +0700] "GET /category/jobs/feed/ HTTP/1.1" 200 770 "-" "Mozilla/5.0 (compatible; Googlebot/2.1; +http://www.google.com/bot.html)"
66.249.71.232 - - [09/Feb/2016:08:52:41 +0700] "GET /mobile/ HTTP/1.1" 404 14355 "-" "Mozilla/5.0 (compatible; Googlebot/2.1; +http://www.google.com/bot.html)"
77.75.78.160 - - [09/Feb/2016:08:52:59 +0700] "GET /robots.txt HTTP/1.1" 200 67 "-" "Mozilla/5.0 (compatible; SeznamBot/3.2; +http://fulltext.sblog.cz/)"
77.75.78.160 - - [09/Feb/2016:08:53:02 +0700] "GET /wp-content/uploads/2012/10/DSC_2727-1024x678.jpg HTTP/1.1" 404 14373 "-" "Mozilla/5.0 (compatible; SeznamBot/3.2; +http://fulltext.sblog.cz/)"
66.249.71.223 - - [09/Feb/2016:08:53:51 +0700] "GET /m/ HTTP/1.1" 404 14355 "-" "Mozilla/5.0 (compatible; Googlebot/2.1; +http://www.google.com/bot.html)"
66.249.71.232 - - [09/Feb/2016:08:55:01 +0700] "GET /contact/ HTTP/1.1" 200 14503 "-" "Mozilla/5.0 (compatible; Googlebot/2.1; +http://www.google.com/bot.html)"
66.249.77.110 - - [09/Feb/2016:08:57:20 +0700] "GET /robots.txt HTTP/1.1" 200 67 "-" "Mozilla/5.0 (compatible; Googlebot/2.1; +http://www.google.com/bot.html)"
66.249.77.98 - - [09/Feb/2016:08:57:21 +0700] "GET /frontend-developer/ HTTP/1.1" 200 15913 "-" "Mozilla/5.0 (compatible; Googlebot/2.1; +http://www.google.com/bot.html)"
208.66.71.38 - - [09/Feb/2016:08:58:14 +0700] "POST /wp-login.php HTTP/1.1" 302 0 "http://www.abctech-thailand.com/wp-login.php" "Mozilla/5.0 (Windows NT 6.1; WOW64) AppleWebKit/537.36 (KHTML, like Gecko) Chrome/31.0.1650.57 Safari/537.36"
208.66.71.38 - - [09/Feb/2016:08:58:15 +0700] "POST /wp-login.php HTTP/1.1" 302 0 "http://www.abctech-thailand.com/wp-login.php" "Mozilla/5.0 (Windows NT 6.1; WOW64) AppleWebKit/537.36 (KHTML, like Gecko) Chrome/31.0.1650.57 Safari/537.36"
66.249.71.232 - - [09/Feb/2016:09:10:07 +0700] "GET /about/ HTTP/1.1" 200 14712 "-" "Mozilla/5.0 (compatible; Googlebot/2.1; +http://www.google.com/bot.html)"
192.99.107.188 - - [09/Feb/2016:09:12:21 +0700] "GET /robots.txt HTTP/1.1" 200 67 "-" "Mozilla/5.0 (compatible; meanpathbot/1.0; +http://www.meanpath.com/meanpathbot.html)"
192.99.107.184 - - [09/Feb/2016:09:12:22 +0700] "GET / HTTP/1.1" 302 217 "-" "Mozilla/5.0 (compatible; meanpathbot/1.0; +http://www.meanpath.com/meanpathbot.html)"
192.99.107.181 - - [09/Feb/2016:09:12:24 +0700] "GET / HTTP/1.1" 200 14619 "-" "Mozilla/5.0 (compatible; meanpathbot/1.0; +http://www.meanpath.com/meanpathbot.html)"
66.249.79.200 - - [09/Feb/2016:09:14:45 +0700] "GET /join-us/ HTTP/1.1" 200 14686 "-" "Mozilla/5.0 (compatible; Googlebot/2.1; +http://www.google.com/bot.html)"
66.249.71.223 - - [09/Feb/2016:09:14:47 +0700] "GET /wp-includes/css/dashicons.min.css?ver=4.4.1 HTTP/1.1" 200 29711 "https://www.abctech-thailand.com/wp-login.php" "Mozilla/5.0 (compatible; Googlebot/2.1; +http://www.google.com/bot.html)"
66.249.71.241 - - [09/Feb/2016:09:14:48 +0700] "GET /wp-includes/css/buttons.min.css?ver=4.4.1 HTTP/1.1" 200 6361 "https://www.abctech-thailand.com/wp-login.php" "Mozilla/5.0 (compatible; Googlebot/2.1; +http://www.google.com/bot.html)"
66.249.77.104 - - [09/Feb/2016:09:15:54 +0700] "GET / HTTP/1.1" 302 217 "-" "Mozilla/5.0 (compatible; Googlebot/2.1; +http://www.google.com/bot.html)"
66.249.77.98 - - [09/Feb/2016:09:17:04 +0700] "GET /system-developer-java/ HTTP/1.1" 200 15881 "-" "Mozilla/5.0 (compatible; Googlebot/2.1; +http://www.google.com/bot.html)"
66.249.71.223 - - [09/Feb/2016:09:18:14 +0700] "GET /2015/12/ HTTP/1.1" 200 15213 "-" "Mozilla/5.0 (compatible; Googlebot/2.1; +http://www.google.com/bot.html)"
208.66.71.38 - - [09/Feb/2016:09:18:19 +0700] "POST /wp-login.php HTTP/1.1" 302 0 "http://www.abctech-thailand.com/wp-login.php" "Mozilla/5.0 (Windows NT 6.1; WOW64) AppleWebKit/537.36 (KHTML, like Gecko) Chrome/31.0.1650.57 Safari/537.36"
208.66.71.38 - - [09/Feb/2016:09:18:20 +0700] "POST /wp-login.php HTTP/1.1" 302 0 "http://www.abctech-thailand.com/wp-login.php" "Mozilla/5.0 (Windows NT 6.1; WOW64) AppleWebKit/537.36 (KHTML, like Gecko) Chrome/31.0.1650.57 Safari/537.36"
66.249.71.223 - - [09/Feb/2016:09:19:24 +0700] "GET / HTTP/1.1" 200 14619 "-" "Mozilla/5.0 (compatible; Googlebot/2.1; +http://www.google.com/bot.html)"
66.249.71.31 - - [09/Feb/2016:09:20:33 +0700] "GET / HTTP/1.1" 302 217 "-" "Mozilla/5.0 (compatible; Googlebot/2.1; +http://www.google.com/bot.html)"
77.75.78.162 - - [09/Feb/2016:09:22:42 +0700] "GET /robots.txt HTTP/1.1" 200 67 "-" "Mozilla/5.0 (compatible; SeznamBot/3.2; +http://fulltext.sblog.cz/)"
77.75.78.162 - - [09/Feb/2016:09:22:44 +0700] "GET /about/amedia/ HTTP/1.1" 404 14373 "-" "Mozilla/5.0 (compatible; SeznamBot/3.2; +http://fulltext.sblog.cz/)"
66.249.79.207 - - [09/Feb/2016:09:23:10 +0700] "GET /wp-content/plugins/masterslider/public/assets/css/common/grab.cur HTTP/1.1" 200 326 "-" "Mozilla/5.0 (compatible; Googlebot/2.1; +http://www.google.com/bot.html)"
180.76.15.25 - - [09/Feb/2016:09:23:42 +0700] "GET /robots.txt HTTP/1.1" 200 67 "-" "Mozilla/5.0 (Windows NT 5.1; rv:6.0.2) Gecko/20100101 Firefox/6.0.2"
180.76.15.27 - - [09/Feb/2016:09:24:00 +0700] "GET /wp-content/plugins/essential-grid/public/assets/css/settings.css?ver=2.0.9.1 HTTP/1.1" 200 8512 "-" "Mozilla/5.0 (compatible; Baiduspider/2.0; +http://www.baidu.com/search/spider.html)"
66.249.71.232 - - [09/Feb/2016:09:25:12 +0700] "GET /2016/01/ HTTP/1.1" 200 15170 "-" "Mozilla/5.0 (compatible; Googlebot/2.1; +http://www.google.com/bot.html)"
66.249.71.232 - - [09/Feb/2016:09:33:58 +0700] "GET /wp-content/plugins/masterslider/public/assets/css/common/grabbing.cur HTTP/1.1" 200 326 "-" "Mozilla/5.0 (compatible; Googlebot/2.1; +http://www.google.com/bot.html)"
208.66.71.38 - - [09/Feb/2016:09:37:18 +0700] "POST /wp-login.php HTTP/1.1" 302 0 "http://www.abctech-thailand.com/wp-login.php" "Mozilla/5.0 (Windows NT 6.1; WOW64) AppleWebKit/537.36 (KHTML, like Gecko) Chrome/31.0.1650.57 Safari/537.36"
208.66.71.38 - - [09/Feb/2016:09:37:19 +0700] "POST /wp-login.php HTTP/1.1" 302 0 "http://www.abctech-thailand.com/wp-login.php" "Mozilla/5.0 (Windows NT 6.1; WOW64) AppleWebKit/537.36 (KHTML, like Gecko) Chrome/31.0.1650.57 Safari/537.36"
208.66.71.38 - - [09/Feb/2016:09:56:10 +0700] "POST /wp-login.php HTTP/1.1" 302 0 "http://www.abctech-thailand.com/wp-login.php" "Mozilla/5.0 (Windows NT 6.1; WOW64) AppleWebKit/537.36 (KHTML, like Gecko) Chrome/31.0.1650.57 Safari/537.36"
208.66.71.38 - - [09/Feb/2016:09:56:11 +0700] "POST /wp-login.php HTTP/1.1" 302 0 "http://www.abctech-thailand.com/wp-login.php" "Mozilla/5.0 (Windows NT 6.1; WOW64) AppleWebKit/537.36 (KHTML, like Gecko) Chrome/31.0.1650.57 Safari/537.36"
66.102.7.201 - - [09/Feb/2016:10:06:20 +0700] "GET / HTTP/1.1" 302 217 "-" "Mozilla/5.0 (Windows NT 6.1; rv:6.0) Gecko/20110814 Firefox/6.0 Google Favicon"
66.249.85.145 - - [09/Feb/2016:10:06:21 +0700] "GET / HTTP/1.1" 200 14619 "-" "Mozilla/5.0 (Windows NT 6.1; rv:6.0) Gecko/20110814 Firefox/6.0 Google Favicon"
66.249.85.137 - - [09/Feb/2016:10:06:21 +0700] "GET /new/ HTTP/1.1" 404 14355 "-" "Mozilla/5.0 (Windows NT 6.1; rv:6.0) Gecko/20110814 Firefox/6.0 Google Favicon"
66.249.85.145 - - [09/Feb/2016:10:06:21 +0700] "GET /favicon.ico HTTP/1.1" 200 0 "-" "Mozilla/5.0 (Windows NT 6.1; rv:6.0) Gecko/20110814 Firefox/6.0 Google Favicon"
64.233.173.129 - - [09/Feb/2016:10:12:47 +0700] "GET /abclogo.png HTTP/1.1" 200 9364 "-" "Mozilla/5.0 (Windows NT 5.1; rv:11.0) Gecko Firefox/11.0 (via ggpht.com GoogleImageProxy)"
58.9.110.164 - - [09/Feb/2016:10:13:12 +0700] "GET /abclogo.png HTTP/1.1" 200 9364 "-" "Mozilla/5.0 (Macintosh; Intel Mac OS X 10_11_2) AppleWebKit/601.3.9 (KHTML, like Gecko)"
58.9.110.164 - - [09/Feb/2016:10:13:12 +0700] "GET /abclogo.png HTTP/1.1" 200 9364 "-" "Mozilla/5.0 (Macintosh; Intel Mac OS X 10_11_2) AppleWebKit/601.3.9 (KHTML, like Gecko)"
58.9.110.164 - - [09/Feb/2016:10:13:12 +0700] "GET /abclogo.png HTTP/1.1" 200 9364 "-" "Mozilla/5.0 (Macintosh; Intel Mac OS X 10_11_2) AppleWebKit/601.3.9 (KHTML, like Gecko)"
58.9.110.164 - - [09/Feb/2016:10:13:12 +0700] "GET /abclogo.png HTTP/1.1" 200 9364 "-" "Mozilla/5.0 (Macintosh; Intel Mac OS X 10_11_2) AppleWebKit/601.3.9 (KHTML, like Gecko)"
58.9.110.164 - - [09/Feb/2016:10:13:12 +0700] "GET /abclogo.png HTTP/1.1" 200 9364 "-" "Mozilla/5.0 (Macintosh; Intel Mac OS X 10_11_2) AppleWebKit/601.3.9 (KHTML, like Gecko)"
58.9.110.164 - - [09/Feb/2016:10:13:14 +0700] "GET /abclogo.png HTTP/1.1" 200 9364 "-" "Mozilla/5.0 (Macintosh; Intel Mac OS X 10_11_2) AppleWebKit/601.3.9 (KHTML, like Gecko)"
58.9.110.164 - - [09/Feb/2016:10:13:14 +0700] "GET /abclogo.png HTTP/1.1" 200 9364 "-" "Mozilla/5.0 (Macintosh; Intel Mac OS X 10_11_2) AppleWebKit/601.3.9 (KHTML, like Gecko)"
58.9.110.164 - - [09/Feb/2016:10:13:14 +0700] "GET /abclogo.png HTTP/1.1" 200 9364 "-" "Mozilla/5.0 (Macintosh; Intel Mac OS X 10_11_2) AppleWebKit/601.3.9 (KHTML, like Gecko)"
58.9.110.164 - - [09/Feb/2016:10:13:14 +0700] "GET /abclogo.png HTTP/1.1" 200 9364 "-" "Mozilla/5.0 (Macintosh; Intel Mac OS X 10_11_2) AppleWebKit/601.3.9 (KHTML, like Gecko)"
58.9.110.164 - - [09/Feb/2016:10:13:14 +0700] "GET /abclogo.png HTTP/1.1" 200 9364 "-" "Mozilla/5.0 (Macintosh; Intel Mac OS X 10_11_2) AppleWebKit/601.3.9 (KHTML, like Gecko)"
58.9.110.164 - - [09/Feb/2016:10:13:17 +0700] "GET /abclogo.png HTTP/1.1" 200 9364 "-" "Mozilla/5.0 (Macintosh; Intel Mac OS X 10_11_2) AppleWebKit/601.3.9 (KHTML, like Gecko)"
58.9.110.164 - - [09/Feb/2016:10:13:17 +0700] "GET /abclogo.png HTTP/1.1" 200 9364 "-" "Mozilla/5.0 (Macintosh; Intel Mac OS X 10_11_2) AppleWebKit/601.3.9 (KHTML, like Gecko)"
58.9.110.164 - - [09/Feb/2016:10:13:17 +0700] "GET /abclogo.png HTTP/1.1" 200 9364 "-" "Mozilla/5.0 (Macintosh; Intel Mac OS X 10_11_2) AppleWebKit/601.3.9 (KHTML, like Gecko)"
58.9.110.164 - - [09/Feb/2016:10:13:17 +0700] "GET /abclogo.png HTTP/1.1" 200 9364 "-" "Mozilla/5.0 (Macintosh; Intel Mac OS X 10_11_2) AppleWebKit/601.3.9 (KHTML, like Gecko)"
58.9.110.164 - - [09/Feb/2016:10:13:24 +0700] "GET /abclogo.png HTTP/1.1" 200 9364 "-" "Mozilla/5.0 (Macintosh; Intel Mac OS X 10_11_2) AppleWebKit/601.3.9 (KHTML, like Gecko)"
58.9.110.164 - - [09/Feb/2016:10:13:24 +0700] "GET /abclogo.png HTTP/1.1" 200 9364 "-" "Mozilla/5.0 (Macintosh; Intel Mac OS X 10_11_2) AppleWebKit/601.3.9 (KHTML, like Gecko)"
58.9.110.164 - - [09/Feb/2016:10:13:24 +0700] "GET /abclogo.png HTTP/1.1" 200 9364 "-" "Mozilla/5.0 (Macintosh; Intel Mac OS X 10_11_2) AppleWebKit/601.3.9 (KHTML, like Gecko)"
58.9.110.164 - - [09/Feb/2016:10:13:24 +0700] "GET /abclogo.png HTTP/1.1" 200 9364 "-" "Mozilla/5.0 (Macintosh; Intel Mac OS X 10_11_2) AppleWebKit/601.3.9 (KHTML, like Gecko)"
58.9.110.164 - - [09/Feb/2016:10:13:24 +0700] "GET /abclogo.png HTTP/1.1" 200 9364 "-" "Mozilla/5.0 (Macintosh; Intel Mac OS X 10_11_2) AppleWebKit/601.3.9 (KHTML, like Gecko)"
58.9.110.164 - - [09/Feb/2016:10:16:38 +0700] "GET /abclogo.png HTTP/1.1" 200 9364 "-" "Mozilla/5.0 (Macintosh; Intel Mac OS X 10_11_2) AppleWebKit/601.3.9 (KHTML, like Gecko)"
58.9.110.164 - - [09/Feb/2016:10:16:38 +0700] "GET /abclogo.png HTTP/1.1" 200 9364 "-" "Mozilla/5.0 (Macintosh; Intel Mac OS X 10_11_2) AppleWebKit/601.3.9 (KHTML, like Gecko)"
58.9.110.164 - - [09/Feb/2016:10:16:38 +0700] "GET /abclogo.png HTTP/1.1" 200 9364 "-" "Mozilla/5.0 (Macintosh; Intel Mac OS X 10_11_2) AppleWebKit/601.3.9 (KHTML, like Gecko)"
58.9.110.164 - - [09/Feb/2016:10:16:38 +0700] "GET /abclogo.png HTTP/1.1" 200 9364 "-" "Mozilla/5.0 (Macintosh; Intel Mac OS X 10_11_2) AppleWebKit/601.3.9 (KHTML, like Gecko)"
58.9.110.164 - - [09/Feb/2016:10:16:38 +0700] "GET /abclogo.png HTTP/1.1" 200 9364 "-" "Mozilla/5.0 (Macintosh; Intel Mac OS X 10_11_2) AppleWebKit/601.3.9 (KHTML, like Gecko)"
58.9.110.164 - - [09/Feb/2016:10:16:41 +0700] "GET /abclogo.png HTTP/1.1" 200 9364 "-" "Mozilla/5.0 (Macintosh; Intel Mac OS X 10_11_2) AppleWebKit/601.3.9 (KHTML, like Gecko)"
58.9.110.164 - - [09/Feb/2016:10:16:41 +0700] "GET /abclogo.png HTTP/1.1" 200 9364 "-" "Mozilla/5.0 (Macintosh; Intel Mac OS X 10_11_2) AppleWebKit/601.3.9 (KHTML, like Gecko)"
58.9.110.164 - - [09/Feb/2016:10:16:41 +0700] "GET /abclogo.png HTTP/1.1" 200 9364 "-" "Mozilla/5.0 (Macintosh; Intel Mac OS X 10_11_2) AppleWebKit/601.3.9 (KHTML, like Gecko)"
58.9.110.164 - - [09/Feb/2016:10:16:41 +0700] "GET /abclogo.png HTTP/1.1" 200 9364 "-" "Mozilla/5.0 (Macintosh; Intel Mac OS X 10_11_2) AppleWebKit/601.3.9 (KHTML, like Gecko)"
58.9.110.164 - - [09/Feb/2016:10:16:41 +0700] "GET /abclogo.png HTTP/1.1" 200 9364 "-" "Mozilla/5.0 (Macintosh; Intel Mac OS X 10_11_2) AppleWebKit/601.3.9 (KHTML, like Gecko)"
208.66.71.38 - - [09/Feb/2016:10:18:43 +0700] "POST /wp-login.php HTTP/1.1" 302 0 "http://www.abctech-thailand.com/wp-login.php" "Mozilla/5.0 (Windows NT 6.1; WOW64) AppleWebKit/537.36 (KHTML, like Gecko) Chrome/31.0.1650.57 Safari/537.36"
208.66.71.38 - - [09/Feb/2016:10:18:45 +0700] "POST /wp-login.php HTTP/1.1" 302 0 "http://www.abctech-thailand.com/wp-login.php" "Mozilla/5.0 (Windows NT 6.1; WOW64) AppleWebKit/537.36 (KHTML, like Gecko) Chrome/31.0.1650.57 Safari/537.36"
180.76.15.17 - - [09/Feb/2016:10:20:46 +0700] "GET / HTTP/1.1" 302 217 "-" "Mozilla/5.0 (compatible; Baiduspider/2.0; +http://www.baidu.com/search/spider.html)"
180.76.15.15 - - [09/Feb/2016:10:20:47 +0700] "GET / HTTP/1.1" 200 84256 "-" "Mozilla/5.0 (compatible; Baiduspider/2.0; +http://www.baidu.com/search/spider.html)"
180.76.15.136 - - [09/Feb/2016:10:20:47 +0700] "GET /robots.txt HTTP/1.1" 200 67 "-" "Mozilla/5.0 (Windows NT 5.1; rv:6.0.2) Gecko/20100101 Firefox/6.0.2"
78.30.197.232 - - [09/Feb/2016:10:22:27 +0700] "GET /produits/?items_per_page=%24%7b%40eval($_GET%5Bqa%5D)%7d&setListingType=grid&qa=phpinfo(); HTTP/1.1" 301 0 "-" "Mozilla/5.0 (Windows NT 5.1; rv:22.0) Gecko/20100101 Firefox/22.0 Paros/3.2.13"
78.30.197.232 - - [09/Feb/2016:10:22:29 +0700] "GET /produits/?items_per_page=%24%7b%40eval(_GET%5Bqa%5D)%7d&setListingType=grid&qa=phpinfo(); HTTP/1.1" 404 82887 "-" "Mozilla/5.0 (Windows NT 5.1; rv:22.0) Gecko/20100101 Firefox/22.0 Paros/3.2.13"
58.9.110.164 - - [09/Feb/2016:10:22:52 +0700] "GET /abclogo.png HTTP/1.1" 200 9364 "-" "Mozilla/5.0 (Macintosh; Intel Mac OS X 10_11_2) AppleWebKit/601.3.9 (KHTML, like Gecko)"
208.66.71.38 - - [09/Feb/2016:10:37:20 +0700] "POST /wp-login.php HTTP/1.1" 302 0 "http://www.abctech-thailand.com/wp-login.php" "Mozilla/5.0 (Windows NT 6.1; WOW64) AppleWebKit/537.36 (KHTML, like Gecko) Chrome/31.0.1650.57 Safari/537.36"
208.66.71.38 - - [09/Feb/2016:10:37:21 +0700] "POST /wp-login.php HTTP/1.1" 302 0 "http://www.abctech-thailand.com/wp-login.php" "Mozilla/5.0 (Windows NT 6.1; WOW64) AppleWebKit/537.36 (KHTML, like Gecko) Chrome/31.0.1650.57 Safari/537.36"
64.233.173.250 - - [09/Feb/2016:10:37:45 +0700] "GET /abclogo.png HTTP/1.1" 200 9364 "-" "Mozilla/5.0 (Windows NT 5.1; rv:11.0) Gecko Firefox/11.0 (via ggpht.com GoogleImageProxy)"
51.255.65.37 - - [09/Feb/2016:10:48:14 +0700] "GET /join-us/ HTTP/1.1" 200 14702 "-" "Mozilla/5.0 (compatible; AhrefsBot/5.0; +http://ahrefs.com/robot/)"
77.75.76.170 - - [09/Feb/2016:10:54:49 +0700] "GET /robots.txt HTTP/1.1" 200 67 "-" "Mozilla/5.0 (compatible; SeznamBot/3.2; +http://fulltext.sblog.cz/)"
77.75.76.170 - - [09/Feb/2016:10:54:51 +0700] "GET /wp-content/uploads/2012/10/DSC_2747-1024x678.jpg HTTP/1.1" 404 14373 "-" "Mozilla/5.0 (compatible; SeznamBot/3.2; +http://fulltext.sblog.cz/)"
208.66.71.38 - - [09/Feb/2016:10:55:49 +0700] "POST /wp-login.php HTTP/1.1" 302 0 "http://www.abctech-thailand.com/wp-login.php" "Mozilla/5.0 (Windows NT 6.1; WOW64) AppleWebKit/537.36 (KHTML, like Gecko) Chrome/31.0.1650.57 Safari/537.36"
208.66.71.38 - - [09/Feb/2016:10:55:50 +0700] "POST /wp-login.php HTTP/1.1" 302 0 "http://www.abctech-thailand.com/wp-login.php" "Mozilla/5.0 (Windows NT 6.1; WOW64) AppleWebKit/537.36 (KHTML, like Gecko) Chrome/31.0.1650.57 Safari/537.36"
64.233.173.129 - - [09/Feb/2016:10:57:51 +0700] "GET /abclogo.png HTTP/1.1" 200 9364 "-" "Mozilla/5.0 (Windows NT 5.1; rv:11.0) Gecko Firefox/11.0 (via ggpht.com GoogleImageProxy)"
176.31.182.60 - - [09/Feb/2016:11:10:36 +0700] "GET /?author=0 HTTP/1.0" 302 226 "-" "-"
176.31.182.60 - - [09/Feb/2016:11:10:37 +0700] "GET /?author=1 HTTP/1.0" 302 226 "-" "-"
176.31.182.60 - - [09/Feb/2016:11:10:37 +0700] "GET /?author=2 HTTP/1.0" 302 226 "-" "-"
176.31.182.60 - - [09/Feb/2016:11:10:38 +0700] "GET /?author=3 HTTP/1.0" 302 226 "-" "-"
176.31.182.60 - - [09/Feb/2016:11:10:38 +0700] "GET /?author=4 HTTP/1.0" 302 226 "-" "-"
208.66.71.38 - - [09/Feb/2016:11:14:13 +0700] "POST /wp-login.php HTTP/1.1" 302 0 "http://www.abctech-thailand.com/wp-login.php" "Mozilla/5.0 (Windows NT 6.1; WOW64) AppleWebKit/537.36 (KHTML, like Gecko) Chrome/31.0.1650.57 Safari/537.36"
208.66.71.38 - - [09/Feb/2016:11:14:14 +0700] "POST /wp-login.php HTTP/1.1" 302 0 "http://www.abctech-thailand.com/wp-login.php" "Mozilla/5.0 (Windows NT 6.1; WOW64) AppleWebKit/537.36 (KHTML, like Gecko) Chrome/31.0.1650.57 Safari/537.36"
77.75.79.101 - - [09/Feb/2016:11:17:14 +0700] "GET /robots.txt HTTP/1.1" 200 67 "-" "Mozilla/5.0 (compatible; SeznamBot/3.2; +http://fulltext.sblog.cz/)"
77.75.79.101 - - [09/Feb/2016:11:17:16 +0700] "GET /wp-content/uploads/2012/10/DSC_2757-1024x678.jpg HTTP/1.1" 404 14373 "-" "Mozilla/5.0 (compatible; SeznamBot/3.2; +http://fulltext.sblog.cz/)"
64.233.173.254 - - [09/Feb/2016:11:21:14 +0700] "GET /abclogo.png HTTP/1.1" 200 9364 "-" "Mozilla/5.0 (Windows NT 5.1; rv:11.0) Gecko Firefox/11.0 (via ggpht.com GoogleImageProxy)"
208.66.71.38 - - [09/Feb/2016:11:32:49 +0700] "POST /wp-login.php HTTP/1.1" 302 0 "http://www.abctech-thailand.com/wp-login.php" "Mozilla/5.0 (Windows NT 6.1; WOW64) AppleWebKit/537.36 (KHTML, like Gecko) Chrome/31.0.1650.57 Safari/537.36"
208.66.71.38 - - [09/Feb/2016:11:32:50 +0700] "POST /wp-login.php HTTP/1.1" 302 0 "http://www.abctech-thailand.com/wp-login.php" "Mozilla/5.0 (Windows NT 6.1; WOW64) AppleWebKit/537.36 (KHTML, like Gecko) Chrome/31.0.1650.57 Safari/537.36"
104.128.228.61 - - [09/Feb/2016:11:36:36 +0700] "POST /xmlrpc.php HTTP/1.1" 200 543 "-" "Mozilla/5.0 (X11; Ubuntu; Linux x86_64; rv:23.0) Gecko/20100101 Firefox/23.0"
66.249.77.98 - - [09/Feb/2016:11:39:07 +0700] "GET /wp-content/themes/oshin/fonts/fonts.css?ver=4.4.1 HTTP/1.1" 200 2133 "-" "Mozilla/5.0 (compatible; Googlebot/2.1; +http://www.google.com/bot.html)"
66.249.77.110 - - [09/Feb/2016:11:39:08 +0700] "GET /wp-content/themes/oshin/css/be-slider.css?ver=4.4.1 HTTP/1.1" 200 9201 "-" "Mozilla/5.0 (compatible; Googlebot/2.1; +http://www.google.com/bot.html)"
66.249.77.98 - - [09/Feb/2016:11:39:09 +0700] "GET /wp-content/themes/oshin/css/animate-custom.css?ver=4.4.1 HTTP/1.1" 200 5605 "-" "Mozilla/5.0 (compatible; Googlebot/2.1; +http://www.google.com/bot.html)"
66.249.77.110 - - [09/Feb/2016:11:39:09 +0700] "GET /wp-content/themes/oshin/css/flexslider.css?ver=4.4.1 HTTP/1.1" 200 4546 "-" "Mozilla/5.0 (compatible; Googlebot/2.1; +http://www.google.com/bot.html)"
66.249.77.98 - - [09/Feb/2016:11:39:11 +0700] "GET /wp-content/plugins/be-page-builder/css/layout.css?ver=4.4.1 HTTP/1.1" 200 4155 "-" "Mozilla/5.0 (compatible; Googlebot/2.1; +http://www.google.com/bot.html)"
66.249.77.104 - - [09/Feb/2016:11:39:11 +0700] "GET /wp-content/themes/oshin/css/magnific-popup.css?ver=4.4.1 HTTP/1.1" 200 3018 "-" "Mozilla/5.0 (compatible; Googlebot/2.1; +http://www.google.com/bot.html)"
66.249.77.98 - - [09/Feb/2016:11:39:12 +0700] "GET /wp-content/themes/oshin/fonts/icomoon/style.css?ver=4.4.1 HTTP/1.1" 200 6918 "-" "Mozilla/5.0 (compatible; Googlebot/2.1; +http://www.google.com/bot.html)"
66.249.77.104 - - [09/Feb/2016:11:39:13 +0700] "GET /wp-content/themes/oshin/style.css?ver=4.4.1 HTTP/1.1" 200 25950 "-" "Mozilla/5.0 (compatible; Googlebot/2.1; +http://www.google.com/bot.html)"
180.183.126.73 - - [09/Feb/2016:11:40:01 +0700] "GET /abclogo.png HTTP/1.1" 304 0 "-" "Mozilla/4.0 (compatible; MSIE 7.0; Windows NT 10.0; WOW64; Trident/7.0; .NET4.0C; .NET4.0E; Microsoft Outlook 16.0.6366; ms-office; MSOffice 16)"
180.183.126.73 - - [09/Feb/2016:11:40:01 +0700] "GET /abclogo.png HTTP/1.1" 304 0 "-" "Mozilla/4.0 (compatible; MSIE 7.0; Windows NT 10.0; WOW64; Trident/7.0; .NET4.0C; .NET4.0E; Microsoft Outlook 16.0.6366; ms-office; MSOffice 16)"
37.187.92.25 - - [09/Feb/2016:11:43:18 +0700] "GET / HTTP/1.1" 302 217 "-" "Mozilla/5.0 (Windows NT 6.1; WOW64) AppleWebKit/537.36 (KHTML, like Gecko) Chrome/41.0.2272.118 Safari/537.36"
37.187.92.25 - - [09/Feb/2016:11:43:22 +0700] "GET / HTTP/1.1" 200 14619 "-" "Mozilla/5.0 (Windows NT 6.1; WOW64) AppleWebKit/537.36 (KHTML, like Gecko) Chrome/41.0.2272.118 Safari/537.36"
91.200.0.3 - - [09/Feb/2016:11:46:35 +0700] "POST /xmlrpc.php HTTP/1.1" 400 25 "-" "Mozilla/5.0 (X11; Ubuntu; Linux x86_64; rv:23.0) Gecko/20100101 Firefox/23.0"
208.66.71.38 - - [09/Feb/2016:11:51:26 +0700] "POST /wp-login.php HTTP/1.1" 302 0 "http://www.abctech-thailand.com/wp-login.php" "Mozilla/5.0 (Windows NT 6.1; WOW64) AppleWebKit/537.36 (KHTML, like Gecko) Chrome/31.0.1650.57 Safari/537.36"
208.66.71.38 - - [09/Feb/2016:11:51:28 +0700] "POST /wp-login.php HTTP/1.1" 302 0 "http://www.abctech-thailand.com/wp-login.php" "Mozilla/5.0 (Windows NT 6.1; WOW64) AppleWebKit/537.36 (KHTML, like Gecko) Chrome/31.0.1650.57 Safari/537.36"
180.76.15.160 - - [09/Feb/2016:11:57:32 +0700] "GET /function.unlink HTTP/1.1" 404 14373 "-" "Mozilla/5.0 (compatible; Baiduspider/2.0; +http://www.baidu.com/search/spider.html)"
208.66.71.38 - - [09/Feb/2016:12:10:00 +0700] "POST /wp-login.php HTTP/1.1" 302 0 "http://www.abctech-thailand.com/wp-login.php" "Mozilla/5.0 (Windows NT 6.1; WOW64) AppleWebKit/537.36 (KHTML, like Gecko) Chrome/31.0.1650.57 Safari/537.36"
208.66.71.38 - - [09/Feb/2016:12:10:02 +0700] "POST /wp-login.php HTTP/1.1" 302 0 "http://www.abctech-thailand.com/wp-login.php" "Mozilla/5.0 (Windows NT 6.1; WOW64) AppleWebKit/537.36 (KHTML, like Gecko) Chrome/31.0.1650.57 Safari/537.36"
77.75.79.95 - - [09/Feb/2016:12:14:49 +0700] "GET /robots.txt HTTP/1.1" 200 67 "-" "Mozilla/5.0 (compatible; SeznamBot/3.2; +http://fulltext.sblog.cz/)"
77.75.79.95 - - [09/Feb/2016:12:14:51 +0700] "GET /why-work-for-us/ HTTP/1.1" 404 14373 "-" "Mozilla/5.0 (compatible; SeznamBot/3.2; +http://fulltext.sblog.cz/)"
66.249.77.110 - - [09/Feb/2016:12:28:11 +0700] "GET /wp-content/plugins/be-page-builder/js/opt_plugins/plugin-hoverdir.js?ver=4.4 HTTP/1.1" 200 5320 "-" "Mozilla/5.0 (compatible; Googlebot/2.1; +http://www.google.com/bot.html)"
66.249.77.110 - - [09/Feb/2016:12:28:12 +0700] "GET /wp-content/themes/oshin/js/vendor/modernizr-2.6.2.min.js?ver=4.4 HTTP/1.1" 200 15414 "-" "Mozilla/5.0 (compatible; Googlebot/2.1; +http://www.google.com/bot.html)"
66.249.77.110 - - [09/Feb/2016:12:28:13 +0700] "GET /wp-content/themes/oshin/js/theme_opt_plugins/plugin-scrollToSections.js?ver=4.4 HTTP/1.1" 200 5968 "-" "Mozilla/5.0 (compatible; Googlebot/2.1; +http://www.google.com/bot.html)"
66.249.77.110 - - [09/Feb/2016:12:28:14 +0700] "GET /wp-content/plugins/be-page-builder/js/be-modules-plugin.js?ver=4.4 HTTP/1.1" 200 122986 "-" "Mozilla/5.0 (compatible; Googlebot/2.1; +http://www.google.com/bot.html)"
66.249.77.104 - - [09/Feb/2016:12:28:14 +0700] "GET /wp-content/plugins/be-page-builder/js/opt_plugins/plugin-magnificpopup.js?ver=4.4 HTTP/1.1" 200 21144 "-" "Mozilla/5.0 (compatible; Googlebot/2.1; +http://www.google.com/bot.html)"
66.249.77.98 - - [09/Feb/2016:12:28:15 +0700] "GET /wp-includes/js/jquery/ui/datepicker.min.js?ver=1.11.4 HTTP/1.1" 200 36534 "-" "Mozilla/5.0 (compatible; Googlebot/2.1; +http://www.google.com/bot.html)"
66.249.77.110 - - [09/Feb/2016:12:28:15 +0700] "GET /wp-content/plugins/be-page-builder/css/shortcodes.css?ver=4.4 HTTP/1.1" 200 25049 "-" "Mozilla/5.0 (compatible; Googlebot/2.1; +http://www.google.com/bot.html)"
66.249.77.104 - - [09/Feb/2016:12:28:16 +0700] "GET /wp-content/themes/oshin/css/magnific-popup.css?ver=4.4 HTTP/1.1" 200 3018 "-" "Mozilla/5.0 (compatible; Googlebot/2.1; +http://www.google.com/bot.html)"
66.249.79.82 - - [09/Feb/2016:12:28:18 +0700] "GET /wp-content/themes/oshin/js/script.js?ver=4.4 HTTP/1.1" 200 51169 "-" "Mozilla/5.0 (compatible; Googlebot/2.1; +http://www.google.com/bot.html)"
66.249.77.104 - - [09/Feb/2016:12:28:19 +0700] "GET /wp-content/plugins/be-page-builder/js/main-plugins.js?ver=4.4 HTTP/1.1" 200 79582 "-" "Mozilla/5.0 (compatible; Googlebot/2.1; +http://www.google.com/bot.html)"
66.249.77.98 - - [09/Feb/2016:12:28:19 +0700] "GET /wp-content/themes/oshin/style.css?ver=4.4 HTTP/1.1" 200 25950 "-" "Mozilla/5.0 (compatible; Googlebot/2.1; +http://www.google.com/bot.html)"
66.249.79.80 - - [09/Feb/2016:12:28:20 +0700] "GET /wp-includes/js/wp-embed.min.js?ver=4.4 HTTP/1.1" 200 1518 "-" "Mozilla/5.0 (compatible; Googlebot/2.1; +http://www.google.com/bot.html)"
66.249.77.98 - - [09/Feb/2016:12:28:20 +0700] "GET /wp-content/themes/oshin/fonts/icomoon/style.css?ver=4.4 HTTP/1.1" 200 6918 "-" "Mozilla/5.0 (compatible; Googlebot/2.1; +http://www.google.com/bot.html)"
66.249.77.98 - - [09/Feb/2016:12:28:21 +0700] "GET /wp-content/plugins/be-page-builder/js/be-portfolio-layout.js?ver=4.4 HTTP/1.1" 200 25935 "-" "Mozilla/5.0 (compatible; Googlebot/2.1; +http://www.google.com/bot.html)"
66.249.77.98 - - [09/Feb/2016:12:28:22 +0700] "GET /wp-content/themes/oshin/css/flexslider.css?ver=4.4 HTTP/1.1" 200 4546 "-" "Mozilla/5.0 (compatible; Googlebot/2.1; +http://www.google.com/bot.html)"
66.249.77.98 - - [09/Feb/2016:12:28:23 +0700] "GET /wp-content/plugins/masterslider/public/assets/js/masterslider.min.js?ver=4.4 HTTP/1.1" 200 155785 "-" "Mozilla/5.0 (compatible; Googlebot/2.1; +http://www.google.com/bot.html)"
66.249.77.98 - - [09/Feb/2016:12:28:24 +0700] "GET /wp-content/themes/oshin/js/theme-plugins.js?ver=4.4 HTTP/1.1" 200 182232 "-" "Mozilla/5.0 (compatible; Googlebot/2.1; +http://www.google.com/bot.html)"
66.249.77.98 - - [09/Feb/2016:12:28:25 +0700] "GET /wp-content/plugins/be-page-builder/js/be-modules-script.js?ver=4.4 HTTP/1.1" 200 72639 "-" "Mozilla/5.0 (compatible; Googlebot/2.1; +http://www.google.com/bot.html)"
66.249.77.98 - - [09/Feb/2016:12:28:25 +0700] "GET /wp-content/themes/oshin/js/jquery-ui-1.8.22.custom.min.js?ver=4.4 HTTP/1.1" 404 14373 "-" "Mozilla/5.0 (compatible; Googlebot/2.1; +http://www.google.com/bot.html)"
66.249.77.98 - - [09/Feb/2016:12:28:26 +0700] "GET /wp-content/plugins/job-manager/css/display.css?ver=0.7.25 HTTP/1.1" 200 2492 "-" "Mozilla/5.0 (compatible; Googlebot/2.1; +http://www.google.com/bot.html)"
66.249.79.80 - - [09/Feb/2016:12:28:27 +0700] "GET /wp-content/plugins/job-manager/js/display.js?ver=0.7.25 HTTP/1.1" 200 1183 "-" "Mozilla/5.0 (compatible; Googlebot/2.1; +http://www.google.com/bot.html)"
66.249.77.98 - - [09/Feb/2016:12:28:27 +0700] "GET /wp-content/plugins/be-page-builder/js/opt_plugins/plugin-textRotator.js?ver=4.4 HTTP/1.1" 200 5987 "-" "Mozilla/5.0 (compatible; Googlebot/2.1; +http://www.google.com/bot.html)"
66.249.77.98 - - [09/Feb/2016:12:28:28 +0700] "GET /wp-content/plugins/be-page-builder/js/opt_plugins/plugin-typed.js?ver=4.4 HTTP/1.1" 200 11584 "-" "Mozilla/5.0 (compatible; Googlebot/2.1; +http://www.google.com/bot.html)"
66.249.77.98 - - [09/Feb/2016:12:28:29 +0700] "GET /wp-includes/js/wp-emoji-release.min.js?ver=4.4 HTTP/1.1" 200 33713 "-" "Mozilla/5.0 (compatible; Googlebot/2.1; +http://www.google.com/bot.html)"
66.249.77.98 - - [09/Feb/2016:12:28:30 +0700] "GET /wp-content/plugins/be-page-builder/js/opt_plugins/plugin-countTo.js?ver=4.4 HTTP/1.1" 200 2515 "-" "Mozilla/5.0 (compatible; Googlebot/2.1; +http://www.google.com/bot.html)"
66.249.77.98 - - [09/Feb/2016:12:28:30 +0700] "GET /wp-content/themes/oshin/js/theme_opt_plugins/plugin-NProgress.js?ver=4.4 HTTP/1.1" 200 11598 "-" "Mozilla/5.0 (compatible; Googlebot/2.1; +http://www.google.com/bot.html)"
66.249.79.80 - - [09/Feb/2016:12:28:32 +0700] "GET /wp-content/themes/oshin/js/theme_opt_plugins/plugin-canvas.js?ver=4.4 HTTP/1.1" 200 45063 "-" "Mozilla/5.0 (compatible; Googlebot/2.1; +http://www.google.com/bot.html)"
66.249.77.98 - - [09/Feb/2016:12:28:33 +0700] "GET /wp-content/themes/oshin/css/animate-custom.css?ver=4.4 HTTP/1.1" 200 5605 "-" "Mozilla/5.0 (compatible; Googlebot/2.1; +http://www.google.com/bot.html)"
66.249.77.98 - - [09/Feb/2016:12:28:34 +0700] "GET /wp-content/themes/oshin/css/be-slider.css?ver=4.4 HTTP/1.1" 200 9201 "-" "Mozilla/5.0 (compatible; Googlebot/2.1; +http://www.google.com/bot.html)"
208.66.71.38 - - [09/Feb/2016:12:28:34 +0700] "POST /wp-login.php HTTP/1.1" 302 0 "http://www.abctech-thailand.com/wp-login.php" "Mozilla/5.0 (Windows NT 6.1; WOW64) AppleWebKit/537.36 (KHTML, like Gecko) Chrome/31.0.1650.57 Safari/537.36"
66.249.77.98 - - [09/Feb/2016:12:28:34 +0700] "GET /wp-content/plugins/be-page-builder/js/opt_plugins/jquery.countdown.min.js?ver=4.4 HTTP/1.1" 200 13976 "-" "Mozilla/5.0 (compatible; Googlebot/2.1; +http://www.google.com/bot.html)"
208.66.71.38 - - [09/Feb/2016:12:28:35 +0700] "POST /wp-login.php HTTP/1.1" 302 0 "http://www.abctech-thailand.com/wp-login.php" "Mozilla/5.0 (Windows NT 6.1; WOW64) AppleWebKit/537.36 (KHTML, like Gecko) Chrome/31.0.1650.57 Safari/537.36"
